in_source: |-
  .data
  hello: 'H', 'e', 'l', 'l', 'o', '\n', 0

  .text
  START:
      MOV R1, hello
  PRINT:
      LOAD R2, (R1)
      CMP R2, 0
      JZ END
      OUT R2, port1_out
      INC R1
      JMP PRINT
  END:
      HALT
in_stdin: |
out_code: |-
  {"data": [72, 101, 108, 108, 111, 10, 0], "text": [{"opcode": "MOV", "args": [{"reg": "R1"}, {"number": "0"}]}, {"opcode": "LOAD", "args": [{"reg": "R2"}, {"indirect_address": "R1"}]}, {"opcode": "CMP", "args": [{"reg": "R2"}, {"number": "0"}]}, {"opcode": "JZ", "args": [{"number": "7"}]}, {"opcode": "OUT", "args": [{"reg": "R2"}]}, {"opcode": "INC", "args": [{"reg": "R1"}]}, {"opcode": "JMP", "args": [{"number": "1"}]}, {"opcode": "HALT", "args": []}]}
out_stdout: |
  Hello
out_log: |
  DEBUG | TICK: 1     ACTION: INSTR FETCH   MC: 0     IP: 0     AR: 0     R1: 0     R2: 0     R3: 0     Z: 0   DR: 0     OR: 0
  DEBUG | TICK: 2     ACTION: INSTR FETCH   MC: 1     IP: 0     AR: 0     R1: 0     R2: 0     R3: 0     Z: 0   DR: 0     OR: 0
  DEBUG | TICK: 3     ACTION: MOV R1 0      MC: 2     IP: 0     AR: 0     R1: 0     R2: 0     R3: 0     Z: 0   DR: 0     OR: 0
  DEBUG | TICK: 4     ACTION: INSTR FETCH   MC: 0     IP: 1     AR: 0     R1: 0     R2: 0     R3: 0     Z: 0   DR: 0     OR: 0
  DEBUG | TICK: 5     ACTION: INSTR FETCH   MC: 1     IP: 1     AR: 0     R1: 0     R2: 0     R3: 0     Z: 0   DR: 0     OR: 0
  DEBUG | TICK: 6     ACTION: LOAD R2 R1    MC: 29    IP: 1     AR: 0     R1: 0     R2: 0     R3: 0     Z: 0   DR: 0     OR: 0
  DEBUG | TICK: 7     ACTION: LOAD R2 R1    MC: 30    IP: 1     AR: 0     R1: 0     R2: 0     R3: 0     Z: 0   DR: 72    OR: 0
  DEBUG | TICK: 8     ACTION: LOAD R2 R1    MC: 31    IP: 1     AR: 0     R1: 0     R2: 72    R3: 0     Z: 0   DR: 72    OR: 0
  DEBUG | TICK: 9     ACTION: INSTR FETCH   MC: 0     IP: 2     AR: 0     R1: 0     R2: 72    R3: 0     Z: 0   DR: 72    OR: 0
  DEBUG | TICK: 10    ACTION: INSTR FETCH   MC: 1     IP: 2     AR: 0     R1: 0     R2: 72    R3: 0     Z: 0   DR: 72    OR: 0
  DEBUG | TICK: 11    ACTION: CMP R2 0      MC: 95    IP: 2     AR: 0     R1: 0     R2: 72    R3: 0     Z: 0   DR: 72    OR: 0
  DEBUG | TICK: 12    ACTION: INSTR FETCH   MC: 0     IP: 3     AR: 0     R1: 0     R2: 72    R3: 0     Z: 0   DR: 72    OR: 0
  DEBUG | TICK: 13    ACTION: INSTR FETCH   MC: 1     IP: 3     AR: 0     R1: 0     R2: 72    R3: 0     Z: 0   DR: 72    OR: 0
  DEBUG | TICK: 14    ACTION: JZ 7          MC: 93    IP: 3     AR: 0     R1: 0     R2: 72    R3: 0     Z: 0   DR: 72    OR: 0
  DEBUG | TICK: 15    ACTION: INSTR FETCH   MC: 0     IP: 4     AR: 0     R1: 0     R2: 72    R3: 0     Z: 0   DR: 72    OR: 0
  DEBUG | TICK: 16    ACTION: INSTR FETCH   MC: 1     IP: 4     AR: 0     R1: 0     R2: 72    R3: 0     Z: 0   DR: 72    OR: 0
  DEBUG | TICK: 17    ACTION: OUT R2        MC: 88    IP: 4     AR: 0     R1: 0     R2: 72    R3: 0     Z: 0   DR: 72    OR: 7
  DEBUG | TICK: 18    ACTION: INSTR FETCH   MC: 0     IP: 5     AR: 0     R1: 0     R2: 72    R3: 0     Z: 0   DR: 72    OR: 7
  DEBUG | TICK: 19    ACTION: INSTR FETCH   MC: 1     IP: 5     AR: 0     R1: 0     R2: 72    R3: 0     Z: 0   DR: 72    OR: 7
  DEBUG | TICK: 20    ACTION: INC R1        MC: 77    IP: 5     AR: 0     R1: 0     R2: 72    R3: 0     Z: 0   DR: 72    OR: 7
  DEBUG | TICK: 21    ACTION: INC R1        MC: 78    IP: 5     AR: 0     R1: 1     R2: 72    R3: 0     Z: 0   DR: 72    OR: 7
  DEBUG | TICK: 22    ACTION: INSTR FETCH   MC: 0     IP: 6     AR: 0     R1: 1     R2: 72    R3: 0     Z: 0   DR: 72    OR: 7
  DEBUG | TICK: 23    ACTION: INSTR FETCH   MC: 1     IP: 6     AR: 0     R1: 1     R2: 72    R3: 0     Z: 0   DR: 72    OR: 7
  DEBUG | TICK: 24    ACTION: JMP 1         MC: 86    IP: 6     AR: 0     R1: 1     R2: 72    R3: 0     Z: 0   DR: 72    OR: 7
  DEBUG | TICK: 25    ACTION: INSTR FETCH   MC: 0     IP: 1     AR: 0     R1: 1     R2: 72    R3: 0     Z: 0   DR: 72    OR: 7
  DEBUG | TICK: 26    ACTION: INSTR FETCH   MC: 1     IP: 1     AR: 0     R1: 1     R2: 72    R3: 0     Z: 0   DR: 72    OR: 7
  DEBUG | TICK: 27    ACTION: LOAD R2 R1    MC: 29    IP: 1     AR: 1     R1: 1     R2: 72    R3: 0     Z: 0   DR: 72    OR: 7
  DEBUG | TICK: 28    ACTION: LOAD R2 R1    MC: 30    IP: 1     AR: 1     R1: 1     R2: 72    R3: 0     Z: 0   DR: 101   OR: 7
  DEBUG | TICK: 29    ACTION: LOAD R2 R1    MC: 31    IP: 1     AR: 1     R1: 1     R2: 101   R3: 0     Z: 0   DR: 101   OR: 7
  DEBUG | TICK: 30    ACTION: INSTR FETCH   MC: 0     IP: 2     AR: 1     R1: 1     R2: 101   R3: 0     Z: 0   DR: 101   OR: 7
  DEBUG | TICK: 31    ACTION: INSTR FETCH   MC: 1     IP: 2     AR: 1     R1: 1     R2: 101   R3: 0     Z: 0   DR: 101   OR: 7
  DEBUG | TICK: 32    ACTION: CMP R2 0      MC: 95    IP: 2     AR: 1     R1: 1     R2: 101   R3: 0     Z: 0   DR: 101   OR: 0
  DEBUG | TICK: 33    ACTION: INSTR FETCH   MC: 0     IP: 3     AR: 1     R1: 1     R2: 101   R3: 0     Z: 0   DR: 101   OR: 0
  DEBUG | TICK: 34    ACTION: INSTR FETCH   MC: 1     IP: 3     AR: 1     R1: 1     R2: 101   R3: 0     Z: 0   DR: 101   OR: 0
  DEBUG | TICK: 35    ACTION: JZ 7          MC: 93    IP: 3     AR: 1     R1: 1     R2: 101   R3: 0     Z: 0   DR: 101   OR: 0
  DEBUG | TICK: 36    ACTION: INSTR FETCH   MC: 0     IP: 4     AR: 1     R1: 1     R2: 101   R3: 0     Z: 0   DR: 101   OR: 0
  DEBUG | TICK: 37    ACTION: INSTR FETCH   MC: 1     IP: 4     AR: 1     R1: 1     R2: 101   R3: 0     Z: 0   DR: 101   OR: 0
  DEBUG | TICK: 38    ACTION: OUT R2        MC: 88    IP: 4     AR: 1     R1: 1     R2: 101   R3: 0     Z: 0   DR: 101   OR: 7
  DEBUG | TICK: 39    ACTION: INSTR FETCH   MC: 0     IP: 5     AR: 1     R1: 1     R2: 101   R3: 0     Z: 0   DR: 101   OR: 7
  DEBUG | TICK: 40    ACTION: INSTR FETCH   MC: 1     IP: 5     AR: 1     R1: 1     R2: 101   R3: 0     Z: 0   DR: 101   OR: 7
  DEBUG | TICK: 41    ACTION: INC R1        MC: 77    IP: 5     AR: 1     R1: 1     R2: 101   R3: 0     Z: 0   DR: 101   OR: 7
  DEBUG | TICK: 42    ACTION: INC R1        MC: 78    IP: 5     AR: 1     R1: 2     R2: 101   R3: 0     Z: 0   DR: 101   OR: 7
  DEBUG | TICK: 43    ACTION: INSTR FETCH   MC: 0     IP: 6     AR: 1     R1: 2     R2: 101   R3: 0     Z: 0   DR: 101   OR: 7
  DEBUG | TICK: 44    ACTION: INSTR FETCH   MC: 1     IP: 6     AR: 1     R1: 2     R2: 101   R3: 0     Z: 0   DR: 101   OR: 7
  DEBUG | TICK: 45    ACTION: JMP 1         MC: 86    IP: 6     AR: 1     R1: 2     R2: 101   R3: 0     Z: 0   DR: 101   OR: 7
  DEBUG | TICK: 46    ACTION: INSTR FETCH   MC: 0     IP: 1     AR: 1     R1: 2     R2: 101   R3: 0     Z: 0   DR: 101   OR: 7
  DEBUG | TICK: 47    ACTION: INSTR FETCH   MC: 1     IP: 1     AR: 1     R1: 2     R2: 101   R3: 0     Z: 0   DR: 101   OR: 7
  DEBUG | TICK: 48    ACTION: LOAD R2 R1    MC: 29    IP: 1     AR: 2     R1: 2     R2: 101   R3: 0     Z: 0   DR: 101   OR: 7
  DEBUG | TICK: 49    ACTION: LOAD R2 R1    MC: 30    IP: 1     AR: 2     R1: 2     R2: 101   R3: 0     Z: 0   DR: 108   OR: 7
  DEBUG | TICK: 50    ACTION: LOAD R2 R1    MC: 31    IP: 1     AR: 2     R1: 2     R2: 108   R3: 0     Z: 0   DR: 108   OR: 7
  DEBUG | TICK: 51    ACTION: INSTR FETCH   MC: 0     IP: 2     AR: 2     R1: 2     R2: 108   R3: 0     Z: 0   DR: 108   OR: 7
  DEBUG | TICK: 52    ACTION: INSTR FETCH   MC: 1     IP: 2     AR: 2     R1: 2     R2: 108   R3: 0     Z: 0   DR: 108   OR: 7
  DEBUG | TICK: 53    ACTION: CMP R2 0      MC: 95    IP: 2     AR: 2     R1: 2     R2: 108   R3: 0     Z: 0   DR: 108   OR: 0
  DEBUG | TICK: 54    ACTION: INSTR FETCH   MC: 0     IP: 3     AR: 2     R1: 2     R2: 108   R3: 0     Z: 0   DR: 108   OR: 0
  DEBUG | TICK: 55    ACTION: INSTR FETCH   MC: 1     IP: 3     AR: 2     R1: 2     R2: 108   R3: 0     Z: 0   DR: 108   OR: 0
  DEBUG | TICK: 56    ACTION: JZ 7          MC: 93    IP: 3     AR: 2     R1: 2     R2: 108   R3: 0     Z: 0   DR: 108   OR: 0
  DEBUG | TICK: 57    ACTION: INSTR FETCH   MC: 0     IP: 4     AR: 2     R1: 2     R2: 108   R3: 0     Z: 0   DR: 108   OR: 0
  DEBUG | TICK: 58    ACTION: INSTR FETCH   MC: 1     IP: 4     AR: 2     R1: 2     R2: 108   R3: 0     Z: 0   DR: 108   OR: 0
  DEBUG | TICK: 59    ACTION: OUT R2        MC: 88    IP: 4     AR: 2     R1: 2     R2: 108   R3: 0     Z: 0   DR: 108   OR: 7
  DEBUG | TICK: 60    ACTION: INSTR FETCH   MC: 0     IP: 5     AR: 2     R1: 2     R2: 108   R3: 0     Z: 0   DR: 108   OR: 7
  DEBUG | TICK: 61    ACTION: INSTR FETCH   MC: 1     IP: 5     AR: 2     R1: 2     R2: 108   R3: 0     Z: 0   DR: 108   OR: 7
  DEBUG | TICK: 62    ACTION: INC R1        MC: 77    IP: 5     AR: 2     R1: 2     R2: 108   R3: 0     Z: 0   DR: 108   OR: 7
  DEBUG | TICK: 63    ACTION: INC R1        MC: 78    IP: 5     AR: 2     R1: 3     R2: 108   R3: 0     Z: 0   DR: 108   OR: 7
  DEBUG | TICK: 64    ACTION: INSTR FETCH   MC: 0     IP: 6     AR: 2     R1: 3     R2: 108   R3: 0     Z: 0   DR: 108   OR: 7
  DEBUG | TICK: 65    ACTION: INSTR FETCH   MC: 1     IP: 6     AR: 2     R1: 3     R2: 108   R3: 0     Z: 0   DR: 108   OR: 7
  DEBUG | TICK: 66    ACTION: JMP 1         MC: 86    IP: 6     AR: 2     R1: 3     R2: 108   R3: 0     Z: 0   DR: 108   OR: 7
  DEBUG | TICK: 67    ACTION: INSTR FETCH   MC: 0     IP: 1     AR: 2     R1: 3     R2: 108   R3: 0     Z: 0   DR: 108   OR: 7
  DEBUG | TICK: 68    ACTION: INSTR FETCH   MC: 1     IP: 1     AR: 2     R1: 3     R2: 108   R3: 0     Z: 0   DR: 108   OR: 7
  DEBUG | TICK: 69    ACTION: LOAD R2 R1    MC: 29    IP: 1     AR: 3     R1: 3     R2: 108   R3: 0     Z: 0   DR: 108   OR: 7
  DEBUG | TICK: 70    ACTION: LOAD R2 R1    MC: 30    IP: 1     AR: 3     R1: 3     R2: 108   R3: 0     Z: 0   DR: 108   OR: 7
  DEBUG | TICK: 71    ACTION: LOAD R2 R1    MC: 31    IP: 1     AR: 3     R1: 3     R2: 108   R3: 0     Z: 0   DR: 108   OR: 7
  DEBUG | TICK: 72    ACTION: INSTR FETCH   MC: 0     IP: 2     AR: 3     R1: 3     R2: 108   R3: 0     Z: 0   DR: 108   OR: 7
  DEBUG | TICK: 73    ACTION: INSTR FETCH   MC: 1     IP: 2     AR: 3     R1: 3     R2: 108   R3: 0     Z: 0   DR: 108   OR: 7
  DEBUG | TICK: 74    ACTION: CMP R2 0      MC: 95    IP: 2     AR: 3     R1: 3     R2: 108   R3: 0     Z: 0   DR: 108   OR: 0
  DEBUG | TICK: 75    ACTION: INSTR FETCH   MC: 0     IP: 3     AR: 3     R1: 3     R2: 108   R3: 0     Z: 0   DR: 108   OR: 0
  DEBUG | TICK: 76    ACTION: INSTR FETCH   MC: 1     IP: 3     AR: 3     R1: 3     R2: 108   R3: 0     Z: 0   DR: 108   OR: 0
  DEBUG | TICK: 77    ACTION: JZ 7          MC: 93    IP: 3     AR: 3     R1: 3     R2: 108   R3: 0     Z: 0   DR: 108   OR: 0
  DEBUG | TICK: 78    ACTION: INSTR FETCH   MC: 0     IP: 4     AR: 3     R1: 3     R2: 108   R3: 0     Z: 0   DR: 108   OR: 0
  DEBUG | TICK: 79    ACTION: INSTR FETCH   MC: 1     IP: 4     AR: 3     R1: 3     R2: 108   R3: 0     Z: 0   DR: 108   OR: 0
  DEBUG | TICK: 80    ACTION: OUT R2        MC: 88    IP: 4     AR: 3     R1: 3     R2: 108   R3: 0     Z: 0   DR: 108   OR: 7
  DEBUG | TICK: 81    ACTION: INSTR FETCH   MC: 0     IP: 5     AR: 3     R1: 3     R2: 108   R3: 0     Z: 0   DR: 108   OR: 7
  DEBUG | TICK: 82    ACTION: INSTR FETCH   MC: 1     IP: 5     AR: 3     R1: 3     R2: 108   R3: 0     Z: 0   DR: 108   OR: 7
  DEBUG | TICK: 83    ACTION: INC R1        MC: 77    IP: 5     AR: 3     R1: 3     R2: 108   R3: 0     Z: 0   DR: 108   OR: 7
  DEBUG | TICK: 84    ACTION: INC R1        MC: 78    IP: 5     AR: 3     R1: 4     R2: 108   R3: 0     Z: 0   DR: 108   OR: 7
  DEBUG | TICK: 85    ACTION: INSTR FETCH   MC: 0     IP: 6     AR: 3     R1: 4     R2: 108   R3: 0     Z: 0   DR: 108   OR: 7
  DEBUG | TICK: 86    ACTION: INSTR FETCH   MC: 1     IP: 6     AR: 3     R1: 4     R2: 108   R3: 0     Z: 0   DR: 108   OR: 7
  DEBUG | TICK: 87    ACTION: JMP 1         MC: 86    IP: 6     AR: 3     R1: 4     R2: 108   R3: 0     Z: 0   DR: 108   OR: 7
  DEBUG | TICK: 88    ACTION: INSTR FETCH   MC: 0     IP: 1     AR: 3     R1: 4     R2: 108   R3: 0     Z: 0   DR: 108   OR: 7
  DEBUG | TICK: 89    ACTION: INSTR FETCH   MC: 1     IP: 1     AR: 3     R1: 4     R2: 108   R3: 0     Z: 0   DR: 108   OR: 7
  DEBUG | TICK: 90    ACTION: LOAD R2 R1    MC: 29    IP: 1     AR: 4     R1: 4     R2: 108   R3: 0     Z: 0   DR: 108   OR: 7
  DEBUG | TICK: 91    ACTION: LOAD R2 R1    MC: 30    IP: 1     AR: 4     R1: 4     R2: 108   R3: 0     Z: 0   DR: 111   OR: 7
  DEBUG | TICK: 92    ACTION: LOAD R2 R1    MC: 31    IP: 1     AR: 4     R1: 4     R2: 111   R3: 0     Z: 0   DR: 111   OR: 7
  DEBUG | TICK: 93    ACTION: INSTR FETCH   MC: 0     IP: 2     AR: 4     R1: 4     R2: 111   R3: 0     Z: 0   DR: 111   OR: 7
  DEBUG | TICK: 94    ACTION: INSTR FETCH   MC: 1     IP: 2     AR: 4     R1: 4     R2: 111   R3: 0     Z: 0   DR: 111   OR: 7
  DEBUG | TICK: 95    ACTION: CMP R2 0      MC: 95    IP: 2     AR: 4     R1: 4     R2: 111   R3: 0     Z: 0   DR: 111   OR: 0
  DEBUG | TICK: 96    ACTION: INSTR FETCH   MC: 0     IP: 3     AR: 4     R1: 4     R2: 111   R3: 0     Z: 0   DR: 111   OR: 0
  DEBUG | TICK: 97    ACTION: INSTR FETCH   MC: 1     IP: 3     AR: 4     R1: 4     R2: 111   R3: 0     Z: 0   DR: 111   OR: 0
  DEBUG | TICK: 98    ACTION: JZ 7          MC: 93    IP: 3     AR: 4     R1: 4     R2: 111   R3: 0     Z: 0   DR: 111   OR: 0
  DEBUG | TICK: 99    ACTION: INSTR FETCH   MC: 0     IP: 4     AR: 4     R1: 4     R2: 111   R3: 0     Z: 0   DR: 111   OR: 0
  DEBUG | TICK: 100   ACTION: INSTR FETCH   MC: 1     IP: 4     AR: 4     R1: 4     R2: 111   R3: 0     Z: 0   DR: 111   OR: 0
  DEBUG | TICK: 101   ACTION: OUT R2        MC: 88    IP: 4     AR: 4     R1: 4     R2: 111   R3: 0     Z: 0   DR: 111   OR: 7
  DEBUG | TICK: 102   ACTION: INSTR FETCH   MC: 0     IP: 5     AR: 4     R1: 4     R2: 111   R3: 0     Z: 0   DR: 111   OR: 7
  DEBUG | TICK: 103   ACTION: INSTR FETCH   MC: 1     IP: 5     AR: 4     R1: 4     R2: 111   R3: 0     Z: 0   DR: 111   OR: 7
  DEBUG | TICK: 104   ACTION: INC R1        MC: 77    IP: 5     AR: 4     R1: 4     R2: 111   R3: 0     Z: 0   DR: 111   OR: 7
  DEBUG | TICK: 105   ACTION: INC R1        MC: 78    IP: 5     AR: 4     R1: 5     R2: 111   R3: 0     Z: 0   DR: 111   OR: 7
  DEBUG | TICK: 106   ACTION: INSTR FETCH   MC: 0     IP: 6     AR: 4     R1: 5     R2: 111   R3: 0     Z: 0   DR: 111   OR: 7
  DEBUG | TICK: 107   ACTION: INSTR FETCH   MC: 1     IP: 6     AR: 4     R1: 5     R2: 111   R3: 0     Z: 0   DR: 111   OR: 7
  DEBUG | TICK: 108   ACTION: JMP 1         MC: 86    IP: 6     AR: 4     R1: 5     R2: 111   R3: 0     Z: 0   DR: 111   OR: 7
  DEBUG | TICK: 109   ACTION: INSTR FETCH   MC: 0     IP: 1     AR: 4     R1: 5     R2: 111   R3: 0     Z: 0   DR: 111   OR: 7
  DEBUG | TICK: 110   ACTION: INSTR FETCH   MC: 1     IP: 1     AR: 4     R1: 5     R2: 111   R3: 0     Z: 0   DR: 111   OR: 7
  DEBUG | TICK: 111   ACTION: LOAD R2 R1    MC: 29    IP: 1     AR: 5     R1: 5     R2: 111   R3: 0     Z: 0   DR: 111   OR: 7
  DEBUG | TICK: 112   ACTION: LOAD R2 R1    MC: 30    IP: 1     AR: 5     R1: 5     R2: 111   R3: 0     Z: 0   DR: 10    OR: 7
  DEBUG | TICK: 113   ACTION: LOAD R2 R1    MC: 31    IP: 1     AR: 5     R1: 5     R2: 10    R3: 0     Z: 0   DR: 10    OR: 7
  DEBUG | TICK: 114   ACTION: INSTR FETCH   MC: 0     IP: 2     AR: 5     R1: 5     R2: 10    R3: 0     Z: 0   DR: 10    OR: 7
  DEBUG | TICK: 115   ACTION: INSTR FETCH   MC: 1     IP: 2     AR: 5     R1: 5     R2: 10    R3: 0     Z: 0   DR: 10    OR: 7
  DEBUG | TICK: 116   ACTION: CMP R2 0      MC: 95    IP: 2     AR: 5     R1: 5     R2: 10    R3: 0     Z: 0   DR: 10    OR: 0
  DEBUG | TICK: 117   ACTION: INSTR FETCH   MC: 0     IP: 3     AR: 5     R1: 5     R2: 10    R3: 0     Z: 0   DR: 10    OR: 0
  DEBUG | TICK: 118   ACTION: INSTR FETCH   MC: 1     IP: 3     AR: 5     R1: 5     R2: 10    R3: 0     Z: 0   DR: 10    OR: 0
  DEBUG | TICK: 119   ACTION: JZ 7          MC: 93    IP: 3     AR: 5     R1: 5     R2: 10    R3: 0     Z: 0   DR: 10    OR: 0
  DEBUG | TICK: 120   ACTION: INSTR FETCH   MC: 0     IP: 4     AR: 5     R1: 5     R2: 10    R3: 0     Z: 0   DR: 10    OR: 0
  DEBUG | TICK: 121   ACTION: INSTR FETCH   MC: 1     IP: 4     AR: 5     R1: 5     R2: 10    R3: 0     Z: 0   DR: 10    OR: 0
  DEBUG | TICK: 122   ACTION: OUT R2        MC: 88    IP: 4     AR: 5     R1: 5     R2: 10    R3: 0     Z: 0   DR: 10    OR: 7
  DEBUG | TICK: 123   ACTION: INSTR FETCH   MC: 0     IP: 5     AR: 5     R1: 5     R2: 10    R3: 0     Z: 0   DR: 10    OR: 7
  DEBUG | TICK: 124   ACTION: INSTR FETCH   MC: 1     IP: 5     AR: 5     R1: 5     R2: 10    R3: 0     Z: 0   DR: 10    OR: 7
  DEBUG | TICK: 125   ACTION: INC R1        MC: 77    IP: 5     AR: 5     R1: 5     R2: 10    R3: 0     Z: 0   DR: 10    OR: 7
  DEBUG | TICK: 126   ACTION: INC R1        MC: 78    IP: 5     AR: 5     R1: 6     R2: 10    R3: 0     Z: 0   DR: 10    OR: 7
  DEBUG | TICK: 127   ACTION: INSTR FETCH   MC: 0     IP: 6     AR: 5     R1: 6     R2: 10    R3: 0     Z: 0   DR: 10    OR: 7
  DEBUG | TICK: 128   ACTION: INSTR FETCH   MC: 1     IP: 6     AR: 5     R1: 6     R2: 10    R3: 0     Z: 0   DR: 10    OR: 7
  DEBUG | TICK: 129   ACTION: JMP 1         MC: 86    IP: 6     AR: 5     R1: 6     R2: 10    R3: 0     Z: 0   DR: 10    OR: 7
  DEBUG | TICK: 130   ACTION: INSTR FETCH   MC: 0     IP: 1     AR: 5     R1: 6     R2: 10    R3: 0     Z: 0   DR: 10    OR: 7
  DEBUG | TICK: 131   ACTION: INSTR FETCH   MC: 1     IP: 1     AR: 5     R1: 6     R2: 10    R3: 0     Z: 0   DR: 10    OR: 7
  DEBUG | TICK: 132   ACTION: LOAD R2 R1    MC: 29    IP: 1     AR: 6     R1: 6     R2: 10    R3: 0     Z: 0   DR: 10    OR: 7
  DEBUG | TICK: 133   ACTION: LOAD R2 R1    MC: 30    IP: 1     AR: 6     R1: 6     R2: 10    R3: 0     Z: 0   DR: 0     OR: 7
  DEBUG | TICK: 134   ACTION: LOAD R2 R1    MC: 31    IP: 1     AR: 6     R1: 6     R2: 0     R3: 0     Z: 0   DR: 0     OR: 7
  DEBUG | TICK: 135   ACTION: INSTR FETCH   MC: 0     IP: 2     AR: 6     R1: 6     R2: 0     R3: 0     Z: 0   DR: 0     OR: 7
  DEBUG | TICK: 136   ACTION: INSTR FETCH   MC: 1     IP: 2     AR: 6     R1: 6     R2: 0     R3: 0     Z: 0   DR: 0     OR: 7
  DEBUG | TICK: 137   ACTION: CMP R2 0      MC: 95    IP: 2     AR: 6     R1: 6     R2: 0     R3: 0     Z: 1   DR: 0     OR: 0
  DEBUG | TICK: 138   ACTION: INSTR FETCH   MC: 0     IP: 3     AR: 6     R1: 6     R2: 0     R3: 0     Z: 1   DR: 0     OR: 0
  DEBUG | TICK: 139   ACTION: INSTR FETCH   MC: 1     IP: 3     AR: 6     R1: 6     R2: 0     R3: 0     Z: 1   DR: 0     OR: 0
  DEBUG | TICK: 140   ACTION: JZ 7          MC: 86    IP: 3     AR: 6     R1: 6     R2: 0     R3: 0     Z: 1   DR: 0     OR: 0
  DEBUG | TICK: 141   ACTION: INSTR FETCH   MC: 0     IP: 7     AR: 6     R1: 6     R2: 0     R3: 0     Z: 1   DR: 0     OR: 0
